// Jest Snapshot v1, https://goo.gl/fbAQLP

exports[`Login To match snapshot 1`] = `
<DocumentFragment>
  <div
    class="mt-3 shadow-lg p-3 mb-5 bg-white rounded jumbotron"
  >
    <form
      class=""
    >
      <h1
        class="text-center"
      >
        Sign in
      </h1>
      <div
        class="form-group"
      >
        <input
          class="form-control"
          id="email"
          placeholder="Enter email"
          type="email"
          value=""
        />
      </div>
      <div
        class="form-group"
      >
        <input
          class="form-control"
          id="password"
          placeholder="Enter password"
          type="password"
          value=""
        />
        <div
          class="form-row"
        >
          <div
            class="forgot-password text-right col"
          >
            <a
              href="/forgot"
            >
              <small>
                Forgot your password?
              </small>
            </a>
          </div>
        </div>
      </div>
      <button
        class="btn btn-secondary btn-block"
        disabled=""
        type="submit"
      >
        Login
      </button>
      <div
        class="form-row"
      >
        <div
          class="forgot-password text-right col"
        >
          <a
            href="/signup/:referrer?"
          >
            <small>
              Do not have an account? Sing Up
            </small>
          </a>
        </div>
      </div>
      <br />
      <div
        class="separator"
      >
         OR 
      </div>
      <br />
      <button
        class="loginBtn loginBtn--google btn-block btn btn-primary"
        type="button"
      >
        Login with Google
      </button>
      <button
        class="loginBtn loginBtn--twitter btn-block btn btn-primary"
        type="button"
      >
        Login with Twitter
      </button>
      <button
        class="loginBtn loginBtn--facebook btn-block btn btn-primary"
        type="button"
      >
        Login with Facebook
      </button>
      <br />
    </form>
  </div>
</DocumentFragment>
`;
