// Jest Snapshot v1, https://goo.gl/fbAQLP

exports[`Signup To match snapshot 1`] = `
<DocumentFragment>
  <div
    class="mt-3 shadow-lg p-3 mb-5 bg-white rounded  jumbotron"
  >
    <form
      class=""
    >
      <h1
        class="text-center"
      >
        Sing up
      </h1>
      <div
        class="form-group"
      >
        <input
          class="form-control"
          id="firstName"
          placeholder="First Name"
          value=""
        />
      </div>
      <div
        class="form-group"
      >
        <input
          class="form-control"
          id="lastName"
          placeholder="Last Name"
          value=""
        />
      </div>
      <div
        class="form-group"
      >
        <input
          class="form-control"
          id="email"
          placeholder="Email"
          type="email"
          value=""
        />
      </div>
      <div
        class="form-group"
      >
        <input
          class="form-control"
          id="password"
          placeholder="Password"
          type="password"
          value=""
        />
      </div>
      <div
        class="form-group"
      >
        <input
          class="form-control"
          id="confirmPassword"
          placeholder="Confirm password"
          type="password"
          value=""
        />
      </div>
      <button
        class="btn btn-secondary btn-block"
        disabled=""
        type="submit"
      >
        Sing up
      </button>
      <p
        class="forgot-password text-right"
      >
        <a
          href="/login"
        >
          <small>
            Already registered Sign In?
          </small>
        </a>
      </p>
    </form>
  </div>
</DocumentFragment>
`;
